// Jest Snapshot v1, https://goo.gl/fbAQLP

exports[`Testing al cliente Es Luciano Kloster 1`] = `
{
  "balance": 500,
  "nombre": "Luciano Kloster",
  "tipo": "Premiun",
}
`;
